// Jest Snapshot v1, https://goo.gl/fbAQLP

exports[`expect to render Rating stars 1`] = `1`;
